
> money-flow-3@0.1.0 build
> next build

npm :  ΓÜá Warning: Next.js inferred your 
workspace root, but it may not be correct.
At line:1 char:1
+ npm run build > build_output.log 2>&1
+ ~~~~~~~~~~~~~~~~~~~~~~~~~~~~~~~~~~~~~
    + CategoryInfo          : NotSpecified 
   : ( ΓÜá Warning: N...not be correct.:S  
  tring) [], RemoteException
    + FullyQualifiedErrorId : NativeComman 
   dError
 
 We detected multiple lockfiles and 
selected the directory of C:\Users\nam.than
hnguyen\Github\package-lock.json as the 
root directory.
 To silence this warning, set 
`turbopack.root` in your Next.js config, 
or consider removing one of the lockfiles 
if it's not needed.
   See https://nextjs.org/docs/app/api-refe
rence/config/next-config-js/turbopack#root-
directory for more information.
 Detected additional lockfiles: 
   * C:\Users\nam.thanhnguyen\Github\money-
flow-3\package-lock.json

   Γû▓ Next.js 16.0.10 (Turbopack)
   - Environments: .env.local

 ΓÜá The "middleware" file convention is 
deprecated. Please use "proxy" instead. 
Learn more: https://nextjs.org/docs/message
s/middleware-to-proxy
   Creating an optimized production build ...
 Γ£ô Compiled successfully in 21.1s
   Running TypeScript ...
Failed to compile.

./src/components/moneyflow/account-tabs.tsx
:46:23
Type error: This comparison appears to be 
unintentional because the types 
'"transactions"' and '"cashback"' have no 
overlap.

[0m [90m 44 |[39m                   
[32m'px-4 py-2 text-sm font-medium 
border-b-2 transition-colors 
disabled:opacity-70'[39m[33m,[39m
 [90m 45 |[39m                   isActive
[31m[1m>[22m[39m[90m 46 |[39m        
             [33m?[39m tab[33m.[39mkey 
[33m===[39m [32m'cashback'[39m
 [90m    |[39m                       
[31m[1m^[22m[39m
 [90m 47 |[39m                       
[33m?[39m [32m'border-emerald-500 
text-emerald-600'[39m
 [90m 48 |[39m                       
[33m:[39m [32m'border-blue-500 
text-blue-600'[39m
 [90m 49 |[39m                     
[33m:[39m [32m'border-transparent 
text-slate-500 
hover:text-slate-700'[39m[0m
Next.js build worker exited with code: 1 
and signal: null
