
> money-flow-3@0.1.0 build
> next build

npm : [baseline-browser-mapping] The data in this module is over 
two months old.  To ensure accurate Baseline data, please 
update: `npm i baseline-browser-mapping@latest -D`
At line:1 char:1
+ npm run build > build_error.log 2>&1
+ ~~~~~~~~~~~~~~~~~~~~~~~~~~~~~~~~~~~~
    + CategoryInfo          : NotSpecified: ([baseline-brows...p 
   ing@latest -D`:String) [], RemoteException
    + FullyQualifiedErrorId : NativeCommandError
 
 ΓÜá Warning: Next.js inferred your workspace root, but it may 
not be correct.
 We detected multiple lockfiles and selected the directory of 
C:\Users\nam.thanhnguyen\Github\package-lock.json as the root 
directory.
 To silence this warning, set `turbopack.root` in your Next.js 
config, or consider removing one of the lockfiles if it's not 
needed.
   See https://nextjs.org/docs/app/api-reference/config/next-conf
ig-js/turbopack#root-directory for more information.
 Detected additional lockfiles: 
   * 
C:\Users\nam.thanhnguyen\Github\money-flow-3\package-lock.json

   Γû▓ Next.js 16.0.3 (Turbopack)
   - Environments: .env.local

 ΓÜá The "middleware" file convention is deprecated. Please use 
"proxy" instead. Learn more: 
https://nextjs.org/docs/messages/middleware-to-proxy
   Creating an optimized production build ...
[baseline-browser-mapping] The data in this module is over two 
months old.  To ensure accurate Baseline data, please update: 
`npm i baseline-browser-mapping@latest -D`

> Build error occurred
Error: Turbopack build failed with 8 errors:
./money-flow-3/src/components/services/service-card.tsx:40:1
Export SelectContent doesn't exist in target module
[0m [90m 38 |[39m [36mimport[39m { 
[33mCollapsibleSection[39m } [36mfrom[39m 
[32m'@/components/ui/collapsible-section'[39m
 [90m 39 |[39m [36mimport[39m { getShopsAction } 
[36mfrom[39m [32m'@/actions/shop-actions'[39m
[31m[1m>[22m[39m[90m 40 |[39m [36mimport[39m { 
[33mSelect[39m[33m,[39m [33mSelectContent[39m[33m,[39m 
[33mSelectItem[39m[33m,[39m 
[33mSelectTrigger[39m[33m,[39m [33mSelectValue[39m } 
[36mfrom[39m [32m'@/components/ui/select'[39m
 [90m    |[39m [31m[1m^[22m[39m[31m[1m^[22m[39m[31m[1
m^[22m[39m[31m[1m^[22m[39m[31m[1m^[22m[39m[31m[1m^[2
2m[39m[31m[1m^[22m[39m[31m[1m^[22m[39m[31m[1m^[22m[3
9m[31m[1m^[22m[39m[31m[1m^[22m[39m[31m[1m^[22m[39m[3
1m[1m^[22m[39m[31m[1m^[22m[39m[31m[1m^[22m[39m[31m[1
m^[22m[39m[31m[1m^[22m[39m[31m[1m^[22m[39m[31m[1m^[2
2m[39m[31m[1m^[22m[39m[31m[1m^[22m[39m[31m[1m^[22m[3
9m[31m[1m^[22m[39m[31m[1m^[22m[39m[31m[1m^[22m[39m[3
1m[1m^[22m[39m[31m[1m^[22m[39m[31m[1m^[22m[39m[31m[1
m^[22m[39m[31m[1m^[22m[39m[31m[1m^[22m[39m[31m[1m^[2
2m[39m[31m[1m^[22m[39m[31m[1m^[22m[39m[31m[1m^[22m[3
9m[31m[1m^[22m[39m[31m[1m^[22m[39m[31m[1m^[22m[39m[3
1m[1m^[22m[39m[31m[1m^[22m[39m[31m[1m^[22m[39m[31m[1
m^[22m[39m[31m[1m^[22m[39m[31m[1m^[22m[39m[31m[1m^[2
2m[39m[31m[1m^[22m[39m[31m[1m^[22m[39m[31m[1m^[22m[3
9m[31m[1m^[22m[39m[31m[1m^[22m[39m[31m[1m^[22m[39m[3
1m[1m^[22m[39m[31m[1m^[22m[39m[31m[1m^[22m[39m[31m[1
m^[22m[39m[31m[1m^[22m[39m[31m[1m^[22m[39m[31m[1m^[2
2m[39m[31m[1m^[22m[39m[31m[1m^[22m[39m[31m[1m^[22m[3
9m[31m[1m^[22m[39m[31m[1m^[22m[39m[31m[1m^[22m[39m[3
1m[1m^[22m[39m[31m[1m^[22m[39m[31m[1m^[22m[39m[31m[1
m^[22m[39m[31m[1m^[22m[39m[31m[1m^[22m[39m[31m[1m^[2
2m[39m[31m[1m^[22m[39m[31m[1m^[22m[39m[31m[1m^[22m[3
9m[31m[1m^[22m[39m[31m[1m^[22m[39m[31m[1m^[22m[39m[3
1m[1m^[22m[39m[31m[1m^[22m[39m[31m[1m^[22m[39m[31m[1
m^[22m[39m[31m[1m^[22m[39m[31m[1m^[22m[39m[31m[1m^[2
2m[39m[31m[1m^[22m[39m[31m[1m^[22m[39m[31m[1m^[22m[3
9m[31m[1m^[22m[39m[31m[1m^[22m[39m[31m[1m^[22m[39m[3
1m[1m^[22m[39m[31m[1m^[22m[39m[31m[1m^[22m[39m[31m[1
m^[22m[39m[31m[1m^[22m[39m[31m[1m^[22m[39m[31m[1m^[2
2m[39m[31m[1m^[22m[39m[31m[1m^[22m[39m[31m[1m^[22m[3
9m[31m[1m^[22m[39m[31m[1m^[22m[39m
 [90m 41 |[39m
 [90m 42 |[39m [90m// TODO: These types should be properly 
defined and imported[39m
 [90m 43 |[39m type [33mService[39m [33m=[39m {[0m

The export SelectContent was not found in module 
[project]/money-flow-3/src/components/ui/select.tsx [app-client] 
(ecmascript).
Did you mean to import Select?
All exports of the module are statically known (It doesn't have 
dynamic exports). So it's known statically that the requested 
export doesn't exist.

Import trace:
  Server Component:
    ./money-flow-3/src/components/services/service-card.tsx
    ./money-flow-3/src/app/services/page.tsx


./money-flow-3/src/components/services/service-card.tsx:40:1
Export SelectContent doesn't exist in target module
[0m [90m 38 |[39m [36mimport[39m { 
[33mCollapsibleSection[39m } [36mfrom[39m 
[32m'@/components/ui/collapsible-section'[39m
 [90m 39 |[39m [36mimport[39m { getShopsAction } 
[36mfrom[39m [32m'@/actions/shop-actions'[39m
[31m[1m>[22m[39m[90m 40 |[39m [36mimport[39m { 
[33mSelect[39m[33m,[39m [33mSelectContent[39m[33m,[39m 
[33mSelectItem[39m[33m,[39m 
[33mSelectTrigger[39m[33m,[39m [33mSelectValue[39m } 
[36mfrom[39m [32m'@/components/ui/select'[39m
 [90m    |[39m [31m[1m^[22m[39m[31m[1m^[22m[39m[31m[1
m^[22m[39m[31m[1m^[22m[39m[31m[1m^[22m[39m[31m[1m^[2
2m[39m[31m[1m^[22m[39m[31m[1m^[22m[39m[31m[1m^[22m[3
9m[31m[1m^[22m[39m[31m[1m^[22m[39m[31m[1m^[22m[39m[3
1m[1m^[22m[39m[31m[1m^[22m[39m[31m[1m^[22m[39m[31m[1
m^[22m[39m[31m[1m^[22m[39m[31m[1m^[22m[39m[31m[1m^[2
2m[39m[31m[1m^[22m[39m[31m[1m^[22m[39m[31m[1m^[22m[3
9m[31m[1m^[22m[39m[31m[1m^[22m[39m[31m[1m^[22m[39m[3
1m[1m^[22m[39m[31m[1m^[22m[39m[31m[1m^[22m[39m[31m[1
m^[22m[39m[31m[1m^[22m[39m[31m[1m^[22m[39m[31m[1m^[2
2m[39m[31m[1m^[22m[39m[31m[1m^[22m[39m[31m[1m^[22m[3
9m[31m[1m^[22m[39m[31m[1m^[22m[39m[31m[1m^[22m[39m[3
1m[1m^[22m[39m[31m[1m^[22m[39m[31m[1m^[22m[39m[31m[1
m^[22m[39m[31m[1m^[22m[39m[31m[1m^[22m[39m[31m[1m^[2
2m[39m[31m[1m^[22m[39m[31m[1m^[22m[39m[31m[1m^[22m[3
9m[31m[1m^[22m[39m[31m[1m^[22m[39m[31m[1m^[22m[39m[3
1m[1m^[22m[39m[31m[1m^[22m[39m[31m[1m^[22m[39m[31m[1
m^[22m[39m[31m[1m^[22m[39m[31m[1m^[22m[39m[31m[1m^[2
2m[39m[31m[1m^[22m[39m[31m[1m^[22m[39m[31m[1m^[22m[3
9m[31m[1m^[22m[39m[31m[1m^[22m[39m[31m[1m^[22m[39m[3
1m[1m^[22m[39m[31m[1m^[22m[39m[31m[1m^[22m[39m[31m[1
m^[22m[39m[31m[1m^[22m[39m[31m[1m^[22m[39m[31m[1m^[2
2m[39m[31m[1m^[22m[39m[31m[1m^[22m[39m[31m[1m^[22m[3
9m[31m[1m^[22m[39m[31m[1m^[22m[39m[31m[1m^[22m[39m[3
1m[1m^[22m[39m[31m[1m^[22m[39m[31m[1m^[22m[39m[31m[1
m^[22m[39m[31m[1m^[22m[39m[31m[1m^[22m[39m[31m[1m^[2
2m[39m[31m[1m^[22m[39m[31m[1m^[22m[39m[31m[1m^[22m[3
9m[31m[1m^[22m[39m[31m[1m^[22m[39m[31m[1m^[22m[39m[3
1m[1m^[22m[39m[31m[1m^[22m[39m[31m[1m^[22m[39m[31m[1
m^[22m[39m[31m[1m^[22m[39m[31m[1m^[22m[39m[31m[1m^[2
2m[39m[31m[1m^[22m[39m[31m[1m^[22m[39m[31m[1m^[22m[3
9m[31m[1m^[22m[39m[31m[1m^[22m[39m
 [90m 41 |[39m
 [90m 42 |[39m [90m// TODO: These types should be properly 
defined and imported[39m
 [90m 43 |[39m type [33mService[39m [33m=[39m {[0m

The export SelectContent was not found in module 
[project]/money-flow-3/src/components/ui/select.tsx [app-ssr] 
(ecmascript).
Did you mean to import Select?
All exports of the module are statically known (It doesn't have 
dynamic exports). So it's known statically that the requested 
export doesn't exist.

Import trace:
  Server Component:
    ./money-flow-3/src/components/services/service-card.tsx
    ./money-flow-3/src/app/services/page.tsx


./money-flow-3/src/components/services/service-card.tsx:40:1
Export SelectItem doesn't exist in target module
[0m [90m 38 |[39m [36mimport[39m { 
[33mCollapsibleSection[39m } [36mfrom[39m 
[32m'@/components/ui/collapsible-section'[39m
 [90m 39 |[39m [36mimport[39m { getShopsAction } 
[36mfrom[39m [32m'@/actions/shop-actions'[39m
[31m[1m>[22m[39m[90m 40 |[39m [36mimport[39m { 
[33mSelect[39m[33m,[39m [33mSelectContent[39m[33m,[39m 
[33mSelectItem[39m[33m,[39m 
[33mSelectTrigger[39m[33m,[39m [33mSelectValue[39m } 
[36mfrom[39m [32m'@/components/ui/select'[39m
 [90m    |[39m [31m[1m^[22m[39m[31m[1m^[22m[39m[31m[1
m^[22m[39m[31m[1m^[22m[39m[31m[1m^[22m[39m[31m[1m^[2
2m[39m[31m[1m^[22m[39m[31m[1m^[22m[39m[31m[1m^[22m[3
9m[31m[1m^[22m[39m[31m[1m^[22m[39m[31m[1m^[22m[39m[3
1m[1m^[22m[39m[31m[1m^[22m[39m[31m[1m^[22m[39m[31m[1
m^[22m[39m[31m[1m^[22m[39m[31m[1m^[22m[39m[31m[1m^[2
2m[39m[31m[1m^[22m[39m[31m[1m^[22m[39m[31m[1m^[22m[3
9m[31m[1m^[22m[39m[31m[1m^[22m[39m[31m[1m^[22m[39m[3
1m[1m^[22m[39m[31m[1m^[22m[39m[31m[1m^[22m[39m[31m[1
m^[22m[39m[31m[1m^[22m[39m[31m[1m^[22m[39m[31m[1m^[2
2m[39m[31m[1m^[22m[39m[31m[1m^[22m[39m[31m[1m^[22m[3
9m[31m[1m^[22m[39m[31m[1m^[22m[39m[31m[1m^[22m[39m[3
1m[1m^[22m[39m[31m[1m^[22m[39m[31m[1m^[22m[39m[31m[1
m^[22m[39m[31m[1m^[22m[39m[31m[1m^[22m[39m[31m[1m^[2
2m[39m[31m[1m^[22m[39m[31m[1m^[22m[39m[31m[1m^[22m[3
9m[31m[1m^[22m[39m[31m[1m^[22m[39m[31m[1m^[22m[39m[3
1m[1m^[22m[39m[31m[1m^[22m[39m[31m[1m^[22m[39m[31m[1
m^[22m[39m[31m[1m^[22m[39m[31m[1m^[22m[39m[31m[1m^[2
2m[39m[31m[1m^[22m[39m[31m[1m^[22m[39m[31m[1m^[22m[3
9m[31m[1m^[22m[39m[31m[1m^[22m[39m[31m[1m^[22m[39m[3
1m[1m^[22m[39m[31m[1m^[22m[39m[31m[1m^[22m[39m[31m[1
m^[22m[39m[31m[1m^[22m[39m[31m[1m^[22m[39m[31m[1m^[2
2m[39m[31m[1m^[22m[39m[31m[1m^[22m[39m[31m[1m^[22m[3
9m[31m[1m^[22m[39m[31m[1m^[22m[39m[31m[1m^[22m[39m[3
1m[1m^[22m[39m[31m[1m^[22m[39m[31m[1m^[22m[39m[31m[1
m^[22m[39m[31m[1m^[22m[39m[31m[1m^[22m[39m[31m[1m^[2
2m[39m[31m[1m^[22m[39m[31m[1m^[22m[39m[31m[1m^[22m[3
9m[31m[1m^[22m[39m[31m[1m^[22m[39m[31m[1m^[22m[39m[3
1m[1m^[22m[39m[31m[1m^[22m[39m[31m[1m^[22m[39m[31m[1
m^[22m[39m[31m[1m^[22m[39m[31m[1m^[22m[39m[31m[1m^[2
2m[39m[31m[1m^[22m[39m[31m[1m^[22m[39m[31m[1m^[22m[3
9m[31m[1m^[22m[39m[31m[1m^[22m[39m
 [90m 41 |[39m
 [90m 42 |[39m [90m// TODO: These types should be properly 
defined and imported[39m
 [90m 43 |[39m type [33mService[39m [33m=[39m {[0m

The export SelectItem was not found in module 
[project]/money-flow-3/src/components/ui/select.tsx [app-client] 
(ecmascript).
Did you mean to import Select?
All exports of the module are statically known (It doesn't have 
dynamic exports). So it's known statically that the requested 
export doesn't exist.

Import trace:
  Server Component:
    ./money-flow-3/src/components/services/service-card.tsx
    ./money-flow-3/src/app/services/page.tsx


./money-flow-3/src/components/services/service-card.tsx:40:1
Export SelectItem doesn't exist in target module
[0m [90m 38 |[39m [36mimport[39m { 
[33mCollapsibleSection[39m } [36mfrom[39m 
[32m'@/components/ui/collapsible-section'[39m
 [90m 39 |[39m [36mimport[39m { getShopsAction } 
[36mfrom[39m [32m'@/actions/shop-actions'[39m
[31m[1m>[22m[39m[90m 40 |[39m [36mimport[39m { 
[33mSelect[39m[33m,[39m [33mSelectContent[39m[33m,[39m 
[33mSelectItem[39m[33m,[39m 
[33mSelectTrigger[39m[33m,[39m [33mSelectValue[39m } 
[36mfrom[39m [32m'@/components/ui/select'[39m
 [90m    |[39m [31m[1m^[22m[39m[31m[1m^[22m[39m[31m[1
m^[22m[39m[31m[1m^[22m[39m[31m[1m^[22m[39m[31m[1m^[2
2m[39m[31m[1m^[22m[39m[31m[1m^[22m[39m[31m[1m^[22m[3
9m[31m[1m^[22m[39m[31m[1m^[22m[39m[31m[1m^[22m[39m[3
1m[1m^[22m[39m[31m[1m^[22m[39m[31m[1m^[22m[39m[31m[1
m^[22m[39m[31m[1m^[22m[39m[31m[1m^[22m[39m[31m[1m^[2
2m[39m[31m[1m^[22m[39m[31m[1m^[22m[39m[31m[1m^[22m[3
9m[31m[1m^[22m[39m[31m[1m^[22m[39m[31m[1m^[22m[39m[3
1m[1m^[22m[39m[31m[1m^[22m[39m[31m[1m^[22m[39m[31m[1
m^[22m[39m[31m[1m^[22m[39m[31m[1m^[22m[39m[31m[1m^[2
2m[39m[31m[1m^[22m[39m[31m[1m^[22m[39m[31m[1m^[22m[3
9m[31m[1m^[22m[39m[31m[1m^[22m[39m[31m[1m^[22m[39m[3
1m[1m^[22m[39m[31m[1m^[22m[39m[31m[1m^[22m[39m[31m[1
m^[22m[39m[31m[1m^[22m[39m[31m[1m^[22m[39m[31m[1m^[2
2m[39m[31m[1m^[22m[39m[31m[1m^[22m[39m[31m[1m^[22m[3
9m[31m[1m^[22m[39m[31m[1m^[22m[39m[31m[1m^[22m[39m[3
1m[1m^[22m[39m[31m[1m^[22m[39m[31m[1m^[22m[39m[31m[1
m^[22m[39m[31m[1m^[22m[39m[31m[1m^[22m[39m[31m[1m^[2
2m[39m[31m[1m^[22m[39m[31m[1m^[22m[39m[31m[1m^[22m[3
9m[31m[1m^[22m[39m[31m[1m^[22m[39m[31m[1m^[22m[39m[3
1m[1m^[22m[39m[31m[1m^[22m[39m[31m[1m^[22m[39m[31m[1
m^[22m[39m[31m[1m^[22m[39m[31m[1m^[22m[39m[31m[1m^[2
2m[39m[31m[1m^[22m[39m[31m[1m^[22m[39m[31m[1m^[22m[3
9m[31m[1m^[22m[39m[31m[1m^[22m[39m[31m[1m^[22m[39m[3
1m[1m^[22m[39m[31m[1m^[22m[39m[31m[1m^[22m[39m[31m[1
m^[22m[39m[31m[1m^[22m[39m[31m[1m^[22m[39m[31m[1m^[2
2m[39m[31m[1m^[22m[39m[31m[1m^[22m[39m[31m[1m^[22m[3
9m[31m[1m^[22m[39m[31m[1m^[22m[39m[31m[1m^[22m[39m[3
1m[1m^[22m[39m[31m[1m^[22m[39m[31m[1m^[22m[39m[31m[1
m^[22m[39m[31m[1m^[22m[39m[31m[1m^[22m[39m[31m[1m^[2
2m[39m[31m[1m^[22m[39m[31m[1m^[22m[39m[31m[1m^[22m[3
9m[31m[1m^[22m[39m[31m[1m^[22m[39m
 [90m 41 |[39m
 [90m 42 |[39m [90m// TODO: These types should be properly 
defined and imported[39m
 [90m 43 |[39m type [33mService[39m [33m=[39m {[0m

The export SelectItem was not found in module 
[project]/money-flow-3/src/components/ui/select.tsx [app-ssr] 
(ecmascript).
Did you mean to import Select?
All exports of the module are statically known (It doesn't have 
dynamic exports). So it's known statically that the requested 
export doesn't exist.

Import trace:
  Server Component:
    ./money-flow-3/src/components/services/service-card.tsx
    ./money-flow-3/src/app/services/page.tsx


./money-flow-3/src/components/services/service-card.tsx:40:1
Export SelectTrigger doesn't exist in target module
[0m [90m 38 |[39m [36mimport[39m { 
[33mCollapsibleSection[39m } [36mfrom[39m 
[32m'@/components/ui/collapsible-section'[39m
 [90m 39 |[39m [36mimport[39m { getShopsAction } 
[36mfrom[39m [32m'@/actions/shop-actions'[39m
[31m[1m>[22m[39m[90m 40 |[39m [36mimport[39m { 
[33mSelect[39m[33m,[39m [33mSelectContent[39m[33m,[39m 
[33mSelectItem[39m[33m,[39m 
[33mSelectTrigger[39m[33m,[39m [33mSelectValue[39m } 
[36mfrom[39m [32m'@/components/ui/select'[39m
 [90m    |[39m [31m[1m^[22m[39m[31m[1m^[22m[39m[31m[1
m^[22m[39m[31m[1m^[22m[39m[31m[1m^[22m[39m[31m[1m^[2
2m[39m[31m[1m^[22m[39m[31m[1m^[22m[39m[31m[1m^[22m[3
9m[31m[1m^[22m[39m[31m[1m^[22m[39m[31m[1m^[22m[39m[3
1m[1m^[22m[39m[31m[1m^[22m[39m[31m[1m^[22m[39m[31m[1
m^[22m[39m[31m[1m^[22m[39m[31m[1m^[22m[39m[31m[1m^[2
2m[39m[31m[1m^[22m[39m[31m[1m^[22m[39m[31m[1m^[22m[3
9m[31m[1m^[22m[39m[31m[1m^[22m[39m[31m[1m^[22m[39m[3
1m[1m^[22m[39m[31m[1m^[22m[39m[31m[1m^[22m[39m[31m[1
m^[22m[39m[31m[1m^[22m[39m[31m[1m^[22m[39m[31m[1m^[2
2m[39m[31m[1m^[22m[39m[31m[1m^[22m[39m[31m[1m^[22m[3
9m[31m[1m^[22m[39m[31m[1m^[22m[39m[31m[1m^[22m[39m[3
1m[1m^[22m[39m[31m[1m^[22m[39m[31m[1m^[22m[39m[31m[1
m^[22m[39m[31m[1m^[22m[39m[31m[1m^[22m[39m[31m[1m^[2
2m[39m[31m[1m^[22m[39m[31m[1m^[22m[39m[31m[1m^[22m[3
9m[31m[1m^[22m[39m[31m[1m^[22m[39m[31m[1m^[22m[39m[3
1m[1m^[22m[39m[31m[1m^[22m[39m[31m[1m^[22m[39m[31m[1
m^[22m[39m[31m[1m^[22m[39m[31m[1m^[22m[39m[31m[1m^[2
2m[39m[31m[1m^[22m[39m[31m[1m^[22m[39m[31m[1m^[22m[3
9m[31m[1m^[22m[39m[31m[1m^[22m[39m[31m[1m^[22m[39m[3
1m[1m^[22m[39m[31m[1m^[22m[39m[31m[1m^[22m[39m[31m[1
m^[22m[39m[31m[1m^[22m[39m[31m[1m^[22m[39m[31m[1m^[2
2m[39m[31m[1m^[22m[39m[31m[1m^[22m[39m[31m[1m^[22m[3
9m[31m[1m^[22m[39m[31m[1m^[22m[39m[31m[1m^[22m[39m[3
1m[1m^[22m[39m[31m[1m^[22m[39m[31m[1m^[22m[39m[31m[1
m^[22m[39m[31m[1m^[22m[39m[31m[1m^[22m[39m[31m[1m^[2
2m[39m[31m[1m^[22m[39m[31m[1m^[22m[39m[31m[1m^[22m[3
9m[31m[1m^[22m[39m[31m[1m^[22m[39m[31m[1m^[22m[39m[3
1m[1m^[22m[39m[31m[1m^[22m[39m[31m[1m^[22m[39m[31m[1
m^[22m[39m[31m[1m^[22m[39m[31m[1m^[22m[39m[31m[1m^[2
2m[39m[31m[1m^[22m[39m[31m[1m^[22m[39m[31m[1m^[22m[3
9m[31m[1m^[22m[39m[31m[1m^[22m[39m
 [90m 41 |[39m
 [90m 42 |[39m [90m// TODO: These types should be properly 
defined and imported[39m
 [90m 43 |[39m type [33mService[39m [33m=[39m {[0m

The export SelectTrigger was not found in module 
[project]/money-flow-3/src/components/ui/select.tsx [app-client] 
(ecmascript).
Did you mean to import Select?
All exports of the module are statically known (It doesn't have 
dynamic exports). So it's known statically that the requested 
export doesn't exist.

Import trace:
  Server Component:
    ./money-flow-3/src/components/services/service-card.tsx
    ./money-flow-3/src/app/services/page.tsx


./money-flow-3/src/components/services/service-card.tsx:40:1
Export SelectTrigger doesn't exist in target module
[0m [90m 38 |[39m [36mimport[39m { 
[33mCollapsibleSection[39m } [36mfrom[39m 
[32m'@/components/ui/collapsible-section'[39m
 [90m 39 |[39m [36mimport[39m { getShopsAction } 
[36mfrom[39m [32m'@/actions/shop-actions'[39m
[31m[1m>[22m[39m[90m 40 |[39m [36mimport[39m { 
[33mSelect[39m[33m,[39m [33mSelectContent[39m[33m,[39m 
[33mSelectItem[39m[33m,[39m 
[33mSelectTrigger[39m[33m,[39m [33mSelectValue[39m } 
[36mfrom[39m [32m'@/components/ui/select'[39m
 [90m    |[39m [31m[1m^[22m[39m[31m[1m^[22m[39m[31m[1
m^[22m[39m[31m[1m^[22m[39m[31m[1m^[22m[39m[31m[1m^[2
2m[39m[31m[1m^[22m[39m[31m[1m^[22m[39m[31m[1m^[22m[3
9m[31m[1m^[22m[39m[31m[1m^[22m[39m[31m[1m^[22m[39m[3
1m[1m^[22m[39m[31m[1m^[22m[39m[31m[1m^[22m[39m[31m[1
m^[22m[39m[31m[1m^[22m[39m[31m[1m^[22m[39m[31m[1m^[2
2m[39m[31m[1m^[22m[39m[31m[1m^[22m[39m[31m[1m^[22m[3
9m[31m[1m^[22m[39m[31m[1m^[22m[39m[31m[1m^[22m[39m[3
1m[1m^[22m[39m[31m[1m^[22m[39m[31m[1m^[22m[39m[31m[1
m^[22m[39m[31m[1m^[22m[39m[31m[1m^[22m[39m[31m[1m^[2
2m[39m[31m[1m^[22m[39m[31m[1m^[22m[39m[31m[1m^[22m[3
9m[31m[1m^[22m[39m[31m[1m^[22m[39m[31m[1m^[22m[39m[3
1m[1m^[22m[39m[31m[1m^[22m[39m[31m[1m^[22m[39m[31m[1
m^[22m[39m[31m[1m^[22m[39m[31m[1m^[22m[39m[31m[1m^[2
2m[39m[31m[1m^[22m[39m[31m[1m^[22m[39m[31m[1m^[22m[3
9m[31m[1m^[22m[39m[31m[1m^[22m[39m[31m[1m^[22m[39m[3
1m[1m^[22m[39m[31m[1m^[22m[39m[31m[1m^[22m[39m[31m[1
m^[22m[39m[31m[1m^[22m[39m[31m[1m^[22m[39m[31m[1m^[2
2m[39m[31m[1m^[22m[39m[31m[1m^[22m[39m[31m[1m^[22m[3
9m[31m[1m^[22m[39m[31m[1m^[22m[39m[31m[1m^[22m[39m[3
1m[1m^[22m[39m[31m[1m^[22m[39m[31m[1m^[22m[39m[31m[1
m^[22m[39m[31m[1m^[22m[39m[31m[1m^[22m[39m[31m[1m^[2
2m[39m[31m[1m^[22m[39m[31m[1m^[22m[39m[31m[1m^[22m[3
9m[31m[1m^[22m[39m[31m[1m^[22m[39m[31m[1m^[22m[39m[3
1m[1m^[22m[39m[31m[1m^[22m[39m[31m[1m^[22m[39m[31m[1
m^[22m[39m[31m[1m^[22m[39m[31m[1m^[22m[39m[31m[1m^[2
2m[39m[31m[1m^[22m[39m[31m[1m^[22m[39m[31m[1m^[22m[3
9m[31m[1m^[22m[39m[31m[1m^[22m[39m[31m[1m^[22m[39m[3
1m[1m^[22m[39m[31m[1m^[22m[39m[31m[1m^[22m[39m[31m[1
m^[22m[39m[31m[1m^[22m[39m[31m[1m^[22m[39m[31m[1m^[2
2m[39m[31m[1m^[22m[39m[31m[1m^[22m[39m[31m[1m^[22m[3
9m[31m[1m^[22m[39m[31m[1m^[22m[39m
 [90m 41 |[39m
 [90m 42 |[39m [90m// TODO: These types should be properly 
defined and imported[39m
 [90m 43 |[39m type [33mService[39m [33m=[39m {[0m

The export SelectTrigger was not found in module 
[project]/money-flow-3/src/components/ui/select.tsx [app-ssr] 
(ecmascript).
Did you mean to import Select?
All exports of the module are statically known (It doesn't have 
dynamic exports). So it's known statically that the requested 
export doesn't exist.

Import trace:
  Server Component:
    ./money-flow-3/src/components/services/service-card.tsx
    ./money-flow-3/src/app/services/page.tsx


./money-flow-3/src/components/services/service-card.tsx:40:1
Export SelectValue doesn't exist in target module
[0m [90m 38 |[39m [36mimport[39m { 
[33mCollapsibleSection[39m } [36mfrom[39m 
[32m'@/components/ui/collapsible-section'[39m
 [90m 39 |[39m [36mimport[39m { getShopsAction } 
[36mfrom[39m [32m'@/actions/shop-actions'[39m
[31m[1m>[22m[39m[90m 40 |[39m [36mimport[39m { 
[33mSelect[39m[33m,[39m [33mSelectContent[39m[33m,[39m 
[33mSelectItem[39m[33m,[39m 
[33mSelectTrigger[39m[33m,[39m [33mSelectValue[39m } 
[36mfrom[39m [32m'@/components/ui/select'[39m
 [90m    |[39m [31m[1m^[22m[39m[31m[1m^[22m[39m[31m[1
m^[22m[39m[31m[1m^[22m[39m[31m[1m^[22m[39m[31m[1m^[2
2m[39m[31m[1m^[22m[39m[31m[1m^[22m[39m[31m[1m^[22m[3
9m[31m[1m^[22m[39m[31m[1m^[22m[39m[31m[1m^[22m[39m[3
1m[1m^[22m[39m[31m[1m^[22m[39m[31m[1m^[22m[39m[31m[1
m^[22m[39m[31m[1m^[22m[39m[31m[1m^[22m[39m[31m[1m^[2
2m[39m[31m[1m^[22m[39m[31m[1m^[22m[39m[31m[1m^[22m[3
9m[31m[1m^[22m[39m[31m[1m^[22m[39m[31m[1m^[22m[39m[3
1m[1m^[22m[39m[31m[1m^[22m[39m[31m[1m^[22m[39m[31m[1
m^[22m[39m[31m[1m^[22m[39m[31m[1m^[22m[39m[31m[1m^[2
2m[39m[31m[1m^[22m[39m[31m[1m^[22m[39m[31m[1m^[22m[3
9m[31m[1m^[22m[39m[31m[1m^[22m[39m[31m[1m^[22m[39m[3
1m[1m^[22m[39m[31m[1m^[22m[39m[31m[1m^[22m[39m[31m[1
m^[22m[39m[31m[1m^[22m[39m[31m[1m^[22m[39m[31m[1m^[2
2m[39m[31m[1m^[22m[39m[31m[1m^[22m[39m[31m[1m^[22m[3
9m[31m[1m^[22m[39m[31m[1m^[22m[39m[31m[1m^[22m[39m[3
1m[1m^[22m[39m[31m[1m^[22m[39m[31m[1m^[22m[39m[31m[1
m^[22m[39m[31m[1m^[22m[39m[31m[1m^[22m[39m[31m[1m^[2
2m[39m[31m[1m^[22m[39m[31m[1m^[22m[39m[31m[1m^[22m[3
9m[31m[1m^[22m[39m[31m[1m^[22m[39m[31m[1m^[22m[39m[3
1m[1m^[22m[39m[31m[1m^[22m[39m[31m[1m^[22m[39m[31m[1
m^[22m[39m[31m[1m^[22m[39m[31m[1m^[22m[39m[31m[1m^[2
2m[39m[31m[1m^[22m[39m[31m[1m^[22m[39m[31m[1m^[22m[3
9m[31m[1m^[22m[39m[31m[1m^[22m[39m[31m[1m^[22m[39m[3
1m[1m^[22m[39m[31m[1m^[22m[39m[31m[1m^[22m[39m[31m[1
m^[22m[39m[31m[1m^[22m[39m[31m[1m^[22m[39m[31m[1m^[2
2m[39m[31m[1m^[22m[39m[31m[1m^[22m[39m[31m[1m^[22m[3
9m[31m[1m^[22m[39m[31m[1m^[22m[39m[31m[1m^[22m[39m[3
1m[1m^[22m[39m[31m[1m^[22m[39m[31m[1m^[22m[39m[31m[1
m^[22m[39m[31m[1m^[22m[39m[31m[1m^[22m[39m[31m[1m^[2
2m[39m[31m[1m^[22m[39m[31m[1m^[22m[39m[31m[1m^[22m[3
9m[31m[1m^[22m[39m[31m[1m^[22m[39m
 [90m 41 |[39m
 [90m 42 |[39m [90m// TODO: These types should be properly 
defined and imported[39m
 [90m 43 |[39m type [33mService[39m [33m=[39m {[0m

The export SelectValue was not found in module 
[project]/money-flow-3/src/components/ui/select.tsx [app-client] 
(ecmascript).
Did you mean to import Select?
All exports of the module are statically known (It doesn't have 
dynamic exports). So it's known statically that the requested 
export doesn't exist.

Import trace:
  Server Component:
    ./money-flow-3/src/components/services/service-card.tsx
    ./money-flow-3/src/app/services/page.tsx


./money-flow-3/src/components/services/service-card.tsx:40:1
Export SelectValue doesn't exist in target module
[0m [90m 38 |[39m [36mimport[39m { 
[33mCollapsibleSection[39m } [36mfrom[39m 
[32m'@/components/ui/collapsible-section'[39m
 [90m 39 |[39m [36mimport[39m { getShopsAction } 
[36mfrom[39m [32m'@/actions/shop-actions'[39m
[31m[1m>[22m[39m[90m 40 |[39m [36mimport[39m { 
[33mSelect[39m[33m,[39m [33mSelectContent[39m[33m,[39m 
[33mSelectItem[39m[33m,[39m 
[33mSelectTrigger[39m[33m,[39m [33mSelectValue[39m } 
[36mfrom[39m [32m'@/components/ui/select'[39m
 [90m    |[39m [31m[1m^[22m[39m[31m[1m^[22m[39m[31m[1
m^[22m[39m[31m[1m^[22m[39m[31m[1m^[22m[39m[31m[1m^[2
2m[39m[31m[1m^[22m[39m[31m[1m^[22m[39m[31m[1m^[22m[3
9m[31m[1m^[22m[39m[31m[1m^[22m[39m[31m[1m^[22m[39m[3
1m[1m^[22m[39m[31m[1m^[22m[39m[31m[1m^[22m[39m[31m[1
m^[22m[39m[31m[1m^[22m[39m[31m[1m^[22m[39m[31m[1m^[2
2m[39m[31m[1m^[22m[39m[31m[1m^[22m[39m[31m[1m^[22m[3
9m[31m[1m^[22m[39m[31m[1m^[22m[39m[31m[1m^[22m[39m[3
1m[1m^[22m[39m[31m[1m^[22m[39m[31m[1m^[22m[39m[31m[1
m^[22m[39m[31m[1m^[22m[39m[31m[1m^[22m[39m[31m[1m^[2
2m[39m[31m[1m^[22m[39m[31m[1m^[22m[39m[31m[1m^[22m[3
9m[31m[1m^[22m[39m[31m[1m^[22m[39m[31m[1m^[22m[39m[3
1m[1m^[22m[39m[31m[1m^[22m[39m[31m[1m^[22m[39m[31m[1
m^[22m[39m[31m[1m^[22m[39m[31m[1m^[22m[39m[31m[1m^[2
2m[39m[31m[1m^[22m[39m[31m[1m^[22m[39m[31m[1m^[22m[3
9m[31m[1m^[22m[39m[31m[1m^[22m[39m[31m[1m^[22m[39m[3
1m[1m^[22m[39m[31m[1m^[22m[39m[31m[1m^[22m[39m[31m[1
m^[22m[39m[31m[1m^[22m[39m[31m[1m^[22m[39m[31m[1m^[2
2m[39m[31m[1m^[22m[39m[31m[1m^[22m[39m[31m[1m^[22m[3
9m[31m[1m^[22m[39m[31m[1m^[22m[39m[31m[1m^[22m[39m[3
1m[1m^[22m[39m[31m[1m^[22m[39m[31m[1m^[22m[39m[31m[1
m^[22m[39m[31m[1m^[22m[39m[31m[1m^[22m[39m[31m[1m^[2
2m[39m[31m[1m^[22m[39m[31m[1m^[22m[39m[31m[1m^[22m[3
9m[31m[1m^[22m[39m[31m[1m^[22m[39m[31m[1m^[22m[39m[3
1m[1m^[22m[39m[31m[1m^[22m[39m[31m[1m^[22m[39m[31m[1
m^[22m[39m[31m[1m^[22m[39m[31m[1m^[22m[39m[31m[1m^[2
2m[39m[31m[1m^[22m[39m[31m[1m^[22m[39m[31m[1m^[22m[3
9m[31m[1m^[22m[39m[31m[1m^[22m[39m[31m[1m^[22m[39m[3
1m[1m^[22m[39m[31m[1m^[22m[39m[31m[1m^[22m[39m[31m[1
m^[22m[39m[31m[1m^[22m[39m[31m[1m^[22m[39m[31m[1m^[2
2m[39m[31m[1m^[22m[39m[31m[1m^[22m[39m[31m[1m^[22m[3
9m[31m[1m^[22m[39m[31m[1m^[22m[39m
 [90m 41 |[39m
 [90m 42 |[39m [90m// TODO: These types should be properly 
defined and imported[39m
 [90m 43 |[39m type [33mService[39m [33m=[39m {[0m

The export SelectValue was not found in module 
[project]/money-flow-3/src/components/ui/select.tsx [app-ssr] 
(ecmascript).
Did you mean to import Select?
All exports of the module are statically known (It doesn't have 
dynamic exports). So it's known statically that the requested 
export doesn't exist.

Import trace:
  Server Component:
    ./money-flow-3/src/components/services/service-card.tsx
    ./money-flow-3/src/app/services/page.tsx


    at <unknown> 
(./money-flow-3/src/components/services/service-card.tsx:40:1)
    at <unknown> 
(./money-flow-3/src/components/services/service-card.tsx:40:1)
    at <unknown> 
(./money-flow-3/src/components/services/service-card.tsx:40:1)
    at <unknown> 
(./money-flow-3/src/components/services/service-card.tsx:40:1)
    at <unknown> 
(./money-flow-3/src/components/services/service-card.tsx:40:1)
    at <unknown> 
(./money-flow-3/src/components/services/service-card.tsx:40:1)
    at <unknown> 
(./money-flow-3/src/components/services/service-card.tsx:40:1)
    at <unknown> 
(./money-flow-3/src/components/services/service-card.tsx:40:1)
