
> money-flow-3@0.1.0 build
> next build

npm :  ΓÜá Warning: Next.js inferred your 
workspace root, but it may not be correct.
At line:1 char:1
+ npm run build > build_output.txt 2>&1
+ ~~~~~~~~~~~~~~~~~~~~~~~~~~~~~~~~~~~~~
    + CategoryInfo          : NotSpecified: ( ΓÜá 
    Warning: N...not be correct.:String) [], Rem  
  oteException
    + FullyQualifiedErrorId : NativeCommandError
 
 We detected multiple lockfiles and selected the 
directory of 
C:\Users\nam.thanhnguyen\Github\package-lock.json 
as the root directory.
 To silence this warning, set `turbopack.root` in 
your Next.js config, or consider removing one of 
the lockfiles if it's not needed.
   See https://nextjs.org/docs/app/api-reference/c
onfig/next-config-js/turbopack#root-directory for 
more information.
 Detected additional lockfiles: 
   * C:\Users\nam.thanhnguyen\Github\money-flow-3\
package-lock.json

   Γû▓ Next.js 16.0.3 (Turbopack)
   - Environments: .env.local

   Creating an optimized production build ...
 Γ£ô Compiled successfully in 9.7s
   Running TypeScript ...
Failed to compile.

./src/components/batch/add-item-dialog.tsx:37:9
Type error: Type 'Resolver<{ amount: unknown; 
receiver_name?: string | undefined; 
target_account_id?: string | undefined; note?: 
string | undefined; }, any, { amount: number; 
receiver_name?: string | undefined; 
target_account_id?: string | undefined; note?: 
string | undefined; }>' is not assignable to type 
'Resolver<{ amount: number; receiver_name?: 
string | undefined; target_account_id?: string | 
undefined; note?: string | undefined; }, any, { 
amount: number; receiver_name?: string | 
undefined; target_account_id?: string | 
undefined; note?: string | undefined; }>'.
  Types of parameters 'options' and 'options' are 
incompatible.
    Type 'ResolverOptions<{ amount: number; 
receiver_name?: string | undefined; 
target_account_id?: string | undefined; note?: 
string | undefined; }>' is not assignable to type 
'ResolverOptions<{ amount: unknown; 
receiver_name?: string | undefined; 
target_account_id?: string | undefined; note?: 
string | undefined; }>'.
      Type 'unknown' is not assignable to type 
'number'.

[0m [90m 35 |[39m     [36mconst[39m 
[open[33m,[39m setOpen] [33m=[39m 
useState([36mfalse[39m)
 [90m 36 |[39m     [36mconst[39m form 
[33m=[39m useForm[33m<[39m[33mz[39m[33m.[3
9minfer[33m<[39m[36mtypeof[39m 
formSchema[33m>>[39m({
[31m[1m>[22m[39m[90m 37 |[39m         
resolver[33m:[39m 
zodResolver(formSchema)[33m,[39m
 [90m    |[39m         [31m[1m^[22m[39m
 [90m 38 |[39m         defaultValues[33m:[39m 
{
 [90m 39 |[39m             
receiver_name[33m:[39m [32m''[39m[33m,[39m
 [90m 40 |[39m             
target_account_id[33m:[39m 
[32m''[39m[33m,[39m[0m
Next.js build worker exited with code: 1 and 
signal: null
