src/components/accounts/v2/AccountDetailControlBar.tsx(150,29): error TS2322: Type '"date" | "all" | "range" | "month" | "year"' is not assignable to type '"date" | "range" | "month"'.
  Type '"all"' is not assignable to type '"date" | "range" | "month"'.
src/components/accounts/v2/AccountDetailControlBar.tsx(177,29): error TS2322: Type '"date" | "all" | "range" | "month" | "year"' is not assignable to type '"date" | "range" | "month"'.
  Type '"all"' is not assignable to type '"date" | "range" | "month"'.
src/components/accounts/v2/AccountDetailHeaderV2.tsx(921,97): error TS18048: 'summary.yearRepaidTotal' is possibly 'undefined'.
src/components/accounts/v2/AccountDetailHeaderV2.tsx(926,117): error TS18048: 'summary.yearRepaidTotal' is possibly 'undefined'.
src/components/accounts/v2/AccountDetailHeaderV2.tsx(955,120): error TS18048: 'summary.yearRepaidTotal' is possibly 'undefined'.
src/components/accounts/v2/AccountDetailHeaderV2.tsx(960,117): error TS18048: 'summary.yearRepaidTotal' is possibly 'undefined'.
src/components/accounts/v2/AccountDetailTransactions.tsx(174,29): error TS2554: Expected 1 arguments, but got 0.
src/components/accounts/v2/AccountRowV2.tsx(490,64): error TS2345: Argument of type 'Date | null' is not assignable to parameter of type 'DateArg<Date>'.
  Type 'null' is not assignable to type 'DateArg<Date>'.
src/components/accounts/v2/AccountSlideV2.tsx(191,38): error TS2345: Argument of type 'boolean | undefined' is not assignable to parameter of type 'SetStateAction<boolean>'.
  Type 'undefined' is not assignable to type 'SetStateAction<boolean>'.
src/components/ai-v1/quick-add-chat.tsx(18,40): error TS2307: Cannot find module './transaction-preview-card' or its corresponding type declarations.
src/components/ai-v1/quick-add-chat.tsx(406,3): error TS2561: Object literal may only specify known properties, but 'review' does not exist in type 'Record<WizardStep, string>'. Did you mean to write 'preview'?
src/components/ai-v1/quick-add-chat.tsx(668,9): error TS2367: This comparison appears to be unintentional because the types 'WizardStep' and '"review"' have no overlap.
src/components/ai-v1/quick-add-chat.tsx(828,5): error TS2820: Type '"review"' is not assignable to type 'WizardStep'. Did you mean '"preview"'?
src/components/ai-v1/quick-add-chat.tsx(1347,9): error TS2367: This comparison appears to be unintentional because the types '"preview" | "edit_details"' and '"review"' have no overlap.
src/components/ai-v1/quick-add-chat.tsx(1570,11): error TS2322: Type '"expense" | "income" | "debt" | "transfer" | "repayment" | "loan"' is not assignable to type '"expense" | "income" | "debt" | "transfer" | "repayment" | "quick-people"'.
  Type '"loan"' is not assignable to type '"expense" | "income" | "debt" | "transfer" | "repayment" | "quick-people"'.
src/components/ai-v1/quick-add-chat.tsx(1670,11): error TS2322: Type '"expense" | "income" | "debt" | "transfer" | "repayment" | "loan"' is not assignable to type '"expense" | "income" | "debt" | "transfer" | "repayment" | "quick-people"'.
  Type '"loan"' is not assignable to type '"expense" | "income" | "debt" | "transfer" | "repayment" | "quick-people"'.
src/components/ai-v1/quick-add-chat.tsx(2906,9): error TS2322: Type 'QuickAddInitialValues | undefined' is not assignable to type 'Partial<{ type: "expense" | "income" | "debt" | "transfer" | "repayment" | "credit_pay"; occurred_at: Date; amount: number; source_account_id: string; cashback_mode: "fixed" | "none_back" | "percent" | "real_fixed" | "real_percent" | "voluntary"; ... 10 more ...; ui_is_cashback_expanded?: boolean | undefined; }> | u...'.
  Type 'QuickAddInitialValues' is not assignable to type 'Partial<{ type: "expense" | "income" | "debt" | "transfer" | "repayment" | "credit_pay"; occurred_at: Date; amount: number; source_account_id: string; cashback_mode: "fixed" | "none_back" | "percent" | "real_fixed" | "real_percent" | "voluntary"; ... 10 more ...; ui_is_cashback_expanded?: boolean | undefined; }> | u...'.
    Type 'QuickAddInitialValues' is not assignable to type 'Partial<{ type: "expense" | "income" | "debt" | "transfer" | "repayment" | "credit_pay"; occurred_at: Date; amount: number; source_account_id: string; cashback_mode: "fixed" | "none_back" | "percent" | "real_fixed" | "real_percent" | "voluntary"; ... 10 more ...; ui_is_cashback_expanded?: boolean | undefined; }>'.
      Types of property 'type' are incompatible.
        Type '"expense" | "income" | "debt" | "transfer" | "repayment" | "quick-people" | undefined' is not assignable to type '"expense" | "income" | "debt" | "transfer" | "repayment" | "credit_pay" | undefined'.
          Type '"quick-people"' is not assignable to type '"expense" | "income" | "debt" | "transfer" | "repayment" | "credit_pay" | undefined'.
src/components/batch/create-batch-dialog.tsx(128,55): error TS2345: Argument of type '(values: { name: string; is_template: boolean; bank_type: "VIB" | "MBB"; sheet_link?: string | undefined; source_account_id?: string | undefined; sheet_name?: string | undefined; auto_clone_day?: number | undefined; }) => Promise<...>' is not assignable to parameter of type 'SubmitHandler<{ name: string; sheet_link: string; sheet_name: string; source_account_id: string; is_template: boolean; auto_clone_day: number; bank_type: string; }>'.
  Types of parameters 'values' and 'data' are incompatible.
    Type '{ name: string; sheet_link: string; sheet_name: string; source_account_id: string; is_template: boolean; auto_clone_day: number; bank_type: string; }' is not assignable to type '{ name: string; is_template: boolean; bank_type: "VIB" | "MBB"; sheet_link?: string | undefined; source_account_id?: string | undefined; sheet_name?: string | undefined; auto_clone_day?: number | undefined; }'.
      Types of property 'bank_type' are incompatible.
        Type 'string' is not assignable to type '"VIB" | "MBB"'.
src/components/batch/create-batch-dialog.tsx(169,77): error TS2345: Argument of type 'string | undefined' is not assignable to parameter of type 'string'.
  Type 'undefined' is not assignable to type 'string'.
src/components/installments/installment-table.tsx(240,13): error TS2353: Object literal may only specify known properties, and 'installment_plan_id' does not exist in type 'Partial<{ type: "expense" | "income" | "debt" | "transfer" | "repayment" | "credit_pay"; occurred_at: Date; amount: number; source_account_id: string; cashback_mode: "fixed" | "none_back" | "percent" | "real_fixed" | "real_percent" | "voluntary"; ... 10 more ...; ui_is_cashback_expanded?: boolean | undefined; }>'.
src/components/moneyflow/filterable-transactions.tsx(122,15): error TS2739: Type '{ date: true; shop: true; note: false; category: true; tag: false; account: true; amount: true; back_info: false; final_price: true; id: false; people: false; actions: true; }' is missing the following properties from type 'Record<ColumnKey, boolean>': actual_cashback, est_share, net_profit
src/components/moneyflow/person-card.tsx(28,34): error TS2307: Cannot find module '@/components/people/edit-person-dialog' or its corresponding type declarations.
src/components/moneyflow/unified-transaction-table.tsx(3377,19): error TS2739: Type '{ date: true; shop: true; note: false; category: false; tag: false; account: true; amount: true; final_price: true; back_info: false; id: false; people: false; actions: true; }' is missing the following properties from type 'Record<ColumnKey, boolean>': actual_cashback, est_share, net_profit
src/components/navigation/RecentAccountsList.tsx(45,29): error TS2322: Type '{ children: Element; key: string; content: string; side: "right"; disabled: boolean; }' is not assignable to type 'IntrinsicAttributes & CustomTooltipProps'.
  Property 'disabled' does not exist on type 'IntrinsicAttributes & CustomTooltipProps'.
src/components/navigation/RecentPeopleList.tsx(46,29): error TS2322: Type '{ children: Element; key: string; content: string; side: "right"; disabled: boolean; }' is not assignable to type 'IntrinsicAttributes & CustomTooltipProps'.
  Property 'disabled' does not exist on type 'IntrinsicAttributes & CustomTooltipProps'.
src/components/people/people-directory-desktop.tsx(10,34): error TS2307: Cannot find module '@/components/people/edit-person-dialog' or its corresponding type declarations.
src/components/people/people-directory-mobile.tsx(10,34): error TS2307: Cannot find module '@/components/people/edit-person-dialog' or its corresponding type declarations.
src/components/people/people-directory-mobile.tsx(222,18): error TS2304: Cannot find name 'Button'.
src/components/people/people-directory-mobile.tsx(228,19): error TS2304: Cannot find name 'Button'.
src/components/people/people-directory-mobile.tsx(229,18): error TS2304: Cannot find name 'Button'.
src/components/people/people-directory-mobile.tsx(235,19): error TS2304: Cannot find name 'Button'.
src/components/people/person-card.tsx(26,34): error TS2307: Cannot find module '@/components/people/edit-person-dialog' or its corresponding type declarations.
src/components/people/v2/people-grid-v2.tsx(103,25): error TS2322: Type '"soft"' is not assignable to type '"default" | "secondary" | "destructive" | "outline" | null | undefined'.
src/components/people/v2/PersonDetailTransactions.tsx(185,17): error TS2322: Type '{ open: boolean; onOpenChange: (open: boolean) => false | void; initialData: any; accounts: Account[]; categories: Category[]; people: Person[]; shops: Shop[]; mode: "single"; operationMode: "edit"; editTransactionId: any; onSuccess: () => void; }' is not assignable to type 'IntrinsicAttributes & TransactionSlideV2Props'.
  Property 'editTransactionId' does not exist on type 'IntrinsicAttributes & TransactionSlideV2Props'.
src/components/transaction/slide-v2/single-mode/account-selector.tsx(316,45): error TS2322: Type 'string | null | undefined' is not assignable to type 'string | undefined'.
  Type 'null' is not assignable to type 'string | undefined'.
src/components/transaction/slide-v2/single-mode/account-selector.tsx(345,45): error TS2322: Type 'string | null | undefined' is not assignable to type 'string | undefined'.
  Type 'null' is not assignable to type 'string | undefined'.
src/lib/ai-v2/ai-router.ts(21,34): error TS2769: No overload matches this call.
  Overload 1 of 4, '(iterable?: Iterable<readonly ["gemini" | "groq" | "fallback", GroqProvider]> | null | undefined): Map<"gemini" | "groq" | "fallback", GroqProvider>', gave the following error.
    Argument of type '(["groq", GroqProvider] | ["gemini", GeminiProvider] | ["fallback", FallbackParser])[]' is not assignable to parameter of type 'Iterable<readonly ["gemini" | "groq" | "fallback", GroqProvider]>'.
      The types returned by '[Symbol.iterator]().next(...)' are incompatible between these types.
        Type 'IteratorResult<["groq", GroqProvider] | ["gemini", GeminiProvider] | ["fallback", FallbackParser], undefined>' is not assignable to type 'IteratorResult<readonly ["gemini" | "groq" | "fallback", GroqProvider], any>'.
          Type 'IteratorYieldResult<["groq", GroqProvider] | ["gemini", GeminiProvider] | ["fallback", FallbackParser]>' is not assignable to type 'IteratorResult<readonly ["gemini" | "groq" | "fallback", GroqProvider], any>'.
            Type 'IteratorYieldResult<["groq", GroqProvider] | ["gemini", GeminiProvider] | ["fallback", FallbackParser]>' is not assignable to type 'IteratorYieldResult<readonly ["gemini" | "groq" | "fallback", GroqProvider]>'.
              Type '["groq", GroqProvider] | ["gemini", GeminiProvider] | ["fallback", FallbackParser]' is not assignable to type 'readonly ["gemini" | "groq" | "fallback", GroqProvider]'.
                Type '["gemini", GeminiProvider]' is not assignable to type 'readonly ["gemini" | "groq" | "fallback", GroqProvider]'.
                  Type at position 1 in source is not compatible with type at position 1 in target.
                    The types of 'name' are incompatible between these types.
                      Type '"gemini"' is not assignable to type '"groq"'.
src/lib/bot/bot-handler.ts(207,27): error TS2322: Type '{ step: string; draft: { intent: ParseTransactionIntent | null; amount: number | null; person_ids: string[]; group_id: string | null; source_account_id: string | null; destination_account_id: string | null; ... 10 more ...; destination_candidates: Array<{ id: string; name: string; }>; }; }' is not assignable to type 'BotWizardState'.
  Types of property 'step' are incompatible.
    Type 'string' is not assignable to type 'BotWizardStep'.
src/services/account.service.ts(797,57): error TS2339: Property 'account_id' does not exist on type 'SelectQueryError<"Invalid Relationships cannot infer result type">'.
src/services/account.service.ts(809,10): error TS2352: Conversion of type '(SelectQueryError<"Invalid Relationships cannot infer result type"> | undefined)[]' to type 'Account[]' may be a mistake because neither type sufficiently overlaps with the other. If this was intentional, convert the expression to 'unknown' first.
  Type 'SelectQueryError<"Invalid Relationships cannot infer result type"> | undefined' is not comparable to type 'Account'.
    Type '{ error: true; } & String' is missing the following properties from type 'Account': id, name, type, currency, and 2 more.
src/services/account.service.ts(810,37): error TS2339: Property 'id' does not exist on type 'SelectQueryError<"Invalid Relationships cannot infer result type">'.
src/services/people.service.ts(991,56): error TS2339: Property 'person_id' does not exist on type 'SelectQueryError<"Invalid Relationships cannot infer result type">'.
src/services/people.service.ts(1003,10): error TS2352: Conversion of type '(SelectQueryError<"Invalid Relationships cannot infer result type"> | undefined)[]' to type 'Person[]' may be a mistake because neither type sufficiently overlaps with the other. If this was intentional, convert the expression to 'unknown' first.
  Type 'SelectQueryError<"Invalid Relationships cannot infer result type"> | undefined' is not comparable to type 'Person'.
    Type '{ error: true; } & String' is missing the following properties from type 'Person': id, name
src/services/people.service.ts(1004,35): error TS2339: Property 'id' does not exist on type 'SelectQueryError<"Invalid Relationships cannot infer result type">'.
src/services/sheet.service.ts(465,29): error TS2345: Argument of type '{ shop_name: any; id: string; occurred_at: string; note: string | null; status: string; tag: string | null; type: string | null; amount: number; cashback_share_percent?: number | null; ... 4 more ...; accounts: { name: string | null; } | null; }' is not assignable to parameter of type 'SheetSyncTransaction'.
  Types of property 'type' are incompatible.
    Type 'string | null' is not assignable to type 'string | undefined'.
      Type 'null' is not assignable to type 'string | undefined'.
src/services/transaction.service.ts(429,5): error TS1117: An object literal cannot have multiple properties with the same name.
